windows: 72 | UOP: 36 | STA: 36
shift bank done (10s, 109440 rows)
        marker  n_windows  T_obs_mean_r  null_mean  null_sd  p_one_sided_addone  p_two_sided_addone  perm_B exchange_unit  q_BH_one_sided  significant_FDR05
          CD45         72        0.6117    -0.0114   0.0079              0.0001              0.0001    9999        window          0.0001               True
           CD3         72        0.4794    -0.0062   0.0055              0.0001              0.0001    9999        window          0.0001               True
Pancytokeratin         72        0.4533    -0.0148   0.0112              0.0001              0.0001    9999        window          0.0001               True
          CD68         72        0.4479    -0.0111   0.0072              0.0001              0.0001    9999        window          0.0001               True
          CD14         72        0.4443    -0.0049   0.0049              0.0001              0.0001    9999        window          0.0001               True
          CD31         72        0.4430    -0.0062   0.0056              0.0001              0.0001    9999        window          0.0001               True
    E-Cadherin         72        0.4151    -0.0118   0.0083              0.0001              0.0001    9999        window          0.0001               True
     HistoneH3         72        0.4093    -0.0024   0.0073              0.0001              0.0001    9999        window          0.0001               True
FDR<0.05: 39 / 39
        marker  n  r_virtues  r_ridge  r_template  virtues_minus_ridge  virtues_minus_template
          CD45 72     0.6117   0.5791      0.0230               0.0326                  0.5886
           CD3 72     0.4794   0.4142      0.0055               0.0652                  0.4738
Pancytokeratin 72     0.4533   0.4033      0.0167               0.0500                  0.4366
          CD68 72     0.4479   0.4306      0.0143               0.0173                  0.4336
          CD14 72     0.4443   0.4088      0.0072               0.0355                  0.4370
          CD31 72     0.4430   0.3085     -0.0054               0.1345                  0.4484
    E-Cadherin 72     0.4151   0.4136     -0.0018               0.0015                  0.4169
     HistoneH3 72     0.4093   0.2506      0.0133               0.1587                  0.3960
fig3_v2 saved
PN2_ANALYSIS_DONE
